<?xml version="1.0" encoding="utf-8" standalone="yes"?><rss version="2.0" xmlns:atom="http://www.w3.org/2005/Atom"><channel><title>Partition on gobai's blog</title><link>/tags/partition/</link><description>Recent content in Partition on gobai's blog</description><generator>Hugo -- gohugo.io</generator><language>en-us</language><lastBuildDate>Mon, 02 Oct 2023 16:54:05 +0800</lastBuildDate><atom:link href="/tags/partition/index.xml" rel="self" type="application/rss+xml"/><item><title>删除分区并扩容另一个分区和根文件系统</title><link>/posts/delete-partition-and-expand-another/</link><pubDate>Mon, 02 Oct 2023 16:54:05 +0800</pubDate><guid>/posts/delete-partition-and-expand-another/</guid><description>现在要将 /dev/sda3 分区删掉并扩容到 /dev/sda2, 并且在不重启服务器的情况下扩容根文件系统(跟文件系统 / 挂载在 /dev/sda2 上, 并且 filesystem 是 ext4)
磁盘初始分区和挂载情况 ➜ ~ lsblk /dev/sda NAME MAJ:MIN RM SIZE RO TYPE MOUNTPOINT sda 8:0 0 100G 0 disk ├─sda1 8:1 0 512M 0 part /boot/efi ├─sda2 8:2 0 98.5G 0 part / └─sda3 8:3 0 976M 0 part ➜ ~ fdisk -l /dev/sda Disk /dev/sda: 100 GiB, 107374182400 bytes, 209715200 sectors Disk model: BlockVolume Units: sectors of 1 * 512 = 512 bytes Sector size (logical/physical): 512 bytes / 4096 bytes I/O size (minimum/optimal): 4096 bytes / 1048576 bytes Disklabel type: gpt Disk identifier: 40BED670-8B91-4520-9785-DB1F1035C039 Device Start End Sectors Size Type /dev/sda1 2048 1050623 1048576 512M EFI System /dev/sda2 1050624 207714303 206663680 98.</description></item></channel></rss>